// Vitest Snapshot v1, https://vitest.dev/guide/snapshot.html

exports[`cpu_stats pipeline parity: history vs live > history and live produce identical CPU data for the same events 1`] = `
[
  {
    "process_cpu_usage": 11,
    "process_memory": 197292032,
    "timestamp": 3308791,
  },
  {
    "process_cpu_usage": 5,
    "process_memory": 198930432,
    "timestamp": 118195672,
  },
]
`;
